.\mvnw.cmd : The JAVA_HOME environment variable is not defined correctly, 
At line:1 char:1
+ .\mvnw.cmd clean compile > build_output.txt 2>&1
+ ~~~~~~~~~~~~~~~~~~~~~~~~~~~~~~~~~~~~~~~~~~~~~~~~
    + CategoryInfo          : NotSpecified: (The JAVA_HOME e...ned correctly, :String) [], RemoteException
    + FullyQualifiedErrorId : NativeCommandError
 
this environment variable is needed to run this program. 
